[www.bitewithzest.com/index.html]
[www.bitewithzest.com/static/img/favicon.png]
[www.bitewithzest.com/static/css/style.css]
[www.bitewithzest.com/static/css/responsive_desktop_big.css]
[www.bitewithzest.com/static/css/responsive_desktop.css]
[www.bitewithzest.com/static/css/responsive_tablet.css]
[www.bitewithzest.com/static/css/responsive_phone.css]
[backblue.gif]
[fade.gif]
[index.html]
[stackpath.bootstrapcdn.com/font-awesome/4.7.0/css/font-awesome.min.css]
[www.bitewithzest.com/static/js/ga.js]
[www.bitewithzest.com/static/img/BwZ_logo_W.png]
[www.bitewithzest.com/filter/news/index.html]
[www.bitewithzest.com/media/layout/bg1_home_en.png]
[www.bitewithzest.com/about/info/index.html]
[www.bitewithzest.com/shop/bwz/index.html]
[www.bitewithzest.com/filter/recipes/index.html]
[www.bitewithzest.com/contact/info/index.html]
[www.bitewithzest.com/media/layout/layer1-1.png]
[www.bitewithzest.com/filter/lexicon-of-plants/index.html]
[www.bitewithzest.com/filter/immunity-boosting/index.html]
[www.bitewithzest.com/filter/our-planet/index.html]
[www.bitewithzest.com/filter/lifestyle/index.html]
[www.bitewithzest.com/filter/faq/index.html]
[www.bitewithzest.com/media/layout/basil_bg_png/H_01_01.png]
[www.bitewithzest.com/media/layout/basil_bg_png/H_01_02.png]
[www.bitewithzest.com/media/layout/basil_bg_png/H_01_03.png]
[www.bitewithzest.com/media/layout/basil_bg_png/H_01_04.png]
[www.bitewithzest.com/media/layout/layerMob1-2.png]
[www.bitewithzest.com/media/layout/bg2.png]
[www.bitewithzest.com/media/layout/basil_bg_png/H_02_01.png]
[www.bitewithzest.com/media/layout/bg2-2.png]
[www.bitewithzest.com/media/layout/layer2-1.png]
[www.bitewithzest.com/media/layout/bg3.png]
[www.bitewithzest.com/media/layout/bg3-1.png]
[www.bitewithzest.com/media/layout/basil_bg_png/H_03_01.png]
[www.bitewithzest.com/media/post7/opener/post_opener7.jpg]
[www.bitewithzest.com/media/post27/opener/post_opener27.jpg]
[www.bitewithzest.com/media/layout/layer4-1.png]
[www.bitewithzest.com/nutrition-needs-in-plant-based-diet/index.html]
[www.bitewithzest.com/plant-based-basic-groceries/index.html]
[www.bitewithzest.com/media/layout/layerMob4-1.png]
[www.bitewithzest.com/media/layout/basil_bg_png/H_04_01.png]
[www.bitewithzest.com/media/layout/basil_bg_png/H_04_02.png]
[www.bitewithzest.com/media/layout/bg4.jpg]
[www.bitewithzest.com/media/layout/bg5.png]
[www.bitewithzest.com/media/layout/basil_bg_png/H_05_02.png]
[www.bitewithzest.com/media/layout/bgMob5.png]
[www.bitewithzest.com/media/layout/basil_bg_png/H_05_01.png]
[www.bitewithzest.com/media/post26/opener/post_opener26.jpg]
[www.bitewithzest.com/ayurvedic-oral-hygiene-and-dental-care/index.html]
[www.bitewithzest.com/media/post11/opener/post_opener11.jpg]
[www.bitewithzest.com/quartz-master-healer/index.html]
[www.bitewithzest.com/media/post17/opener/post_opener17.jpg]
[www.bitewithzest.com/ginger-power-shot/index.html]
[www.bitewithzest.com/media/layout/footer_basil.png]
[www.bitewithzest.com/static/js/scrollr.js]
[www.bitewithzest.com/terms/info/index.html]
[www.bitewithzest.com/static/js/detectbrave.js]
[www.bitewithzest.com/cookies/info/index.html]
[www.bitewithzest.com/index.html]
[www.bitewithzest.com/static/js/bwz.js]
[www.bitewithzest.com/static/fonts/Richie Brusher.woff]
[www.bitewithzest.com/static/css/style.css]
[www.bitewithzest.com/media/layout/header.png]
[www.bitewithzest.com/static/fonts/Richie Brusher.ttf]
[www.bitewithzest.com/media/layout/topnav.png]
[www.bitewithzest.com/media/layout/faq_bg.png]
[www.bitewithzest.com/media/layout/bg_cat_list1.png]
[www.bitewithzest.com/static/css/responsive_desktop_big.css]
[www.bitewithzest.com/static/css/responsive_desktop.css]
[www.bitewithzest.com/static/css/responsive_tablet.css]
[www.bitewithzest.com/media/layout/topnavMob.png]
[www.bitewithzest.com/static/css/responsive_phone.css]
[stackpath.bootstrapcdn.com/font-awesome/4.7.0/css/font-awesome.min.css]
[www.bitewithzest.com/media/layout/basil-10.png]
[www.bitewithzest.com/media/post67/thumbs/post_thumb67.jpg]
[www.bitewithzest.com/vegan-planet-2023/index.html]
[www.bitewithzest.com/media/post66/thumbs/post_thumb66.jpg]
[www.bitewithzest.com/media/post58/thumbs/post_thumb58.jpg]
[www.bitewithzest.com/novo-mesto-1123/index.html]
[www.bitewithzest.com/zagreb/index.html]
[www.bitewithzest.com/media/post65/thumbs/post_thumb65.jpg]
[www.bitewithzest.com/filter/news/index.html]
[www.bitewithzest.com/veganmania-mq-2023/index.html]
[www.bitewithzest.com/media/layout/basil_bg_png/F_01_01.png]
[www.bitewithzest.com/media/authors3/pic/author_pic3.jpg]
[www.bitewithzest.com/media/authors4/pic/author_pic4.jpg]
[www.bitewithzest.com/media/authors5/pic/author_pic5.jpg]
[www.bitewithzest.com/media/authors1/pic/author_pic1.jpg]
[www.bitewithzest.com/media/authors2/pic/author_pic2.jpg]
[www.bitewithzest.com/about/info/index.html]
[www.google.com/recaptcha/api.js]
[www.bitewithzest.com/media/layout/basil-9.png]
[www.bitewithzest.com/contact/info/index.html]
[www.bitewithzest.com/shop/bwz/index.html]
[app.ecwid.com/script5e0d.js]
[www.bitewithzest.com/media/post64/thumbs/post_thumb64.jpg]
[www.bitewithzest.com/tasty-green-yellow-pasta/index.html]
[www.bitewithzest.com/media/uploads/2021/04/27/web_icons1_2_n9OvexT.png]
[www.bitewithzest.com/media/uploads/2021/04/27/web_icons4_2.png]
[www.bitewithzest.com/media/uploads/2021/04/27/web_icons5_Y10yzSr.png]
[www.bitewithzest.com/media/uploads/2021/04/27/web_icons6_3r6GaMh.png]
[www.bitewithzest.com/media/post62/thumbs/post_thumb62.jpg]
[www.bitewithzest.com/wild-garlic-vegan-pesto/index.html]
[www.bitewithzest.com/media/post61/thumbs/post_thumb61.jpg]
[www.bitewithzest.com/salted-roasted-seeds/index.html]
[www.bitewithzest.com/potato-paprikash/index.html]
[www.bitewithzest.com/media/post60/thumbs/post_thumb60.jpg]
[www.bitewithzest.com/media/post54/thumbs/post_thumb54.jpg]
[www.bitewithzest.com/red-power-juice/index.html]
[www.bitewithzest.com/media/uploads/2021/10/04/web_icons9.png]
[www.bitewithzest.com/media/post57/thumbs/post_thumb57.jpg]
[www.bitewithzest.com/filter/recipes/index.html]
[www.bitewithzest.com/mashed-potatoes-peas-sauce/index.html]
[www.bitewithzest.com/filter/recipes/index4658.html]
[www.bitewithzest.com/media/post59/thumbs/post_thumb59.jpg]
[www.bitewithzest.com/filter/recipes/index9ba9.html]
[www.bitewithzest.com/media/post53/thumbs/post_thumb53.jpg]
[www.bitewithzest.com/wild-garlic/index.html]
[www.bitewithzest.com/persimmon/index.html]
[www.bitewithzest.com/media/post50/thumbs/post_thumb50.jpg]
[www.bitewithzest.com/mango/index.html]
[www.bitewithzest.com/media/post13/thumbs/post_thumb13.jpg]
[www.bitewithzest.com/cumin/index.html]
[www.bitewithzest.com/media/post15/thumbs/post_thumb15.jpg]
[www.bitewithzest.com/jerusalem-artichoke/index.html]
[www.bitewithzest.com/media/post16/thumbs/post_thumb16.jpg]
[www.bitewithzest.com/filter/lexicon-of-plants/index.html]
[www.bitewithzest.com/ginger/index.html]
[www.bitewithzest.com/filter/lexicon-of-plants/index9ba9.html]
[www.bitewithzest.com/media/post17/thumbs/post_thumb17.jpg]
[www.bitewithzest.com/filter/lexicon-of-plants/index4658.html]
[www.bitewithzest.com/media/post12/thumbs/post_thumb12.jpg]
[www.bitewithzest.com/why-we-should-walk-every-day/index.html]
[www.bitewithzest.com/media/post2/thumbs/post_thumb2.jpg]
[www.bitewithzest.com/7-ways-boost-your-immune-system/index.html]
[www.bitewithzest.com/media/post11/thumbs/post_thumb11.jpg]
[www.bitewithzest.com/media/post26/thumbs/post_thumb26.jpg]
[www.bitewithzest.com/filter/immunity-boosting/index.html]
[www.bitewithzest.com/media/post31/thumbs/post_thumb31.jpg]
[www.bitewithzest.com/media/post14/thumbs/post_thumb14.jpg]
[www.bitewithzest.com/octopus/index.html]
[www.bitewithzest.com/why-dont-vegans-eat-honey/index.html]
[www.bitewithzest.com/media/post41/thumbs/post_thumb41.jpg]
[www.bitewithzest.com/lifespan-animals-animal-industry/index.html]
[www.bitewithzest.com/media/post42/thumbs/post_thumb42.jpg]
[www.bitewithzest.com/filter/our-planet/index.html]
[www.bitewithzest.com/Plant-based-lifestyle-for-animals/index.html]
[www.bitewithzest.com/media/post27/thumbs/post_thumb27.jpg]
[www.bitewithzest.com/media/post29/thumbs/post_thumb29.jpg]
[www.bitewithzest.com/media/post30/thumbs/post_thumb30.jpg]
[www.bitewithzest.com/great-vegan-athletes-plant-based-diet-men/index.html]
[www.bitewithzest.com/great-vegan-athletes-plant-based-diet-women/index.html]
[www.bitewithzest.com/media/post24/thumbs/post_thumb24.jpg]
[www.bitewithzest.com/how-start-planning-plant-based-meals/index.html]
[www.bitewithzest.com/media/post7/thumbs/post_thumb7.jpg]
[www.bitewithzest.com/media/post5/thumbs/post_thumb5.jpg]
[www.bitewithzest.com/filter/lifestyle/index.html]
[www.bitewithzest.com/media/layout/faq.jpg]
[www.bitewithzest.com/reasons-to-go-vegan/index.html]
[www.bitewithzest.com/media/layout/basil-7.png]
[www.bitewithzest.com/media/layout/basil-8.png]
[www.bitewithzest.com/media/layout/basil-11.png]
[bitewithzest.com/media/layout/FAQ_pic-02.jpg]
[bitewithzest.com/media/layout/FAQ_pic-03.jpg]
[bitewithzest.com/media/layout/FAQ_pic-01.jpg]
[www.bitewithzest.com/filter/faq/index.html]
[www.bitewithzest.com/media/layout/basil-5.png]
[www.bitewithzest.com/media/layout/basil-4.png]
[www.bitewithzest.com/media/uploads/2021/05/06/nutrition-01.jpg]
[www.bitewithzest.com/media/uploads/2021/05/06/nutrition-02.jpg]
[www.bitewithzest.com/media/uploads/2021/05/06/nutrition-04.jpg]
[www.bitewithzest.com/media/uploads/2021/05/06/nutrition-03_6xZndZk.jpg]
[www.bitewithzest.com/media/post5/opener/post_opener5.jpg]
[www.bitewithzest.com/media/post15/opener/post_opener15.jpg]
[www.bitewithzest.com/nutrition-needs-in-plant-based-diet/index.html]
[www.bitewithzest.com/media/uploads/2021/05/02/vegetables.jpg]
[www.bitewithzest.com/media/uploads/2021/05/02/legumes.jpg]
[www.bitewithzest.com/media/uploads/2021/05/02/nuts.jpg]
[www.bitewithzest.com/media/uploads/2021/05/02/seeds.jpg]
[www.bitewithzest.com/media/uploads/2021/05/02/quinoa.jpg]
[www.bitewithzest.com/media/uploads/2021/05/02/cereals.jpg]
[www.bitewithzest.com/media/uploads/2021/05/02/seitan.jpg]
[www.bitewithzest.com/media/uploads/2021/05/02/tofu.jpg]
[www.bitewithzest.com/media/uploads/2021/05/02/soya.jpg]
[www.bitewithzest.com/media/uploads/2021/05/02/tahini.jpg]
[www.bitewithzest.com/media/uploads/2021/05/02/oils.jpg]
[www.bitewithzest.com/media/uploads/2021/05/02/agave.jpg]
[www.bitewithzest.com/media/uploads/2021/05/02/coconut_yogurt.jpg]
[www.bitewithzest.com/media/uploads/2021/05/02/nutrition_zeast.jpg]
[www.bitewithzest.com/media/uploads/2021/05/02/herbs.jpg]
[www.bitewithzest.com/media/uploads/2021/05/02/agar_agar.jpg]
[www.bitewithzest.com/media/post13/opener/post_opener13.jpg]
[www.bitewithzest.com/media/post2/opener/post_opener2.jpg]
[www.bitewithzest.com/plant-based-basic-groceries/index.html]
[www.bitewithzest.com/media/uploads/2021/05/01/2-tooth_cleaner_iCMlOWv.png]
[www.bitewithzest.com/media/uploads/2021/05/01/1-coconut_oil_OiQPLCM.png]
[www.bitewithzest.com/media/uploads/2021/05/01/3-tooth_brush_Mk4bqkh.png]
[www.bitewithzest.com/ayurvedic-oral-hygiene-and-dental-care/index.html]
[www.bitewithzest.com/media/uploads/2021/04/24/quartz-1251159526_w_e7GAgPj.jpg]
[www.bitewithzest.com/quartz-master-healer/index.html]
[www.bitewithzest.com/media/uploads/2021/04/27/web_icons9_40yDKhI.png]
[www.bitewithzest.com/turmeric/index.html]
[www.bitewithzest.com/media/post17/intro/post_intro17.jpg]
[www.bitewithzest.com/media/layout/tip.png]
[www.bitewithzest.com/ginger-power-shot/index.html]
[www.bitewithzest.com/media/layout/basil_bg_png/L_01_02.86.delayed]
[www.bitewithzest.com/terms/info/index.html]
[www.bitewithzest.com/media/layout/basil_bg_png/L_01_01.png]
[www.bitewithzest.com/cookies/info/index.html]
[www.bitewithzest.com/media/post67/opener/post_opener67.jpg]
[www.bitewithzest.com/media/post14/opener/post_opener14.jpg]
[www.bitewithzest.com/vegan-planet-2023/index.html]
[www.bitewithzest.com/media/post66/opener/post_opener66.jpg]
[www.bitewithzest.com/novo-mesto-1123/index.html]
[www.bitewithzest.com/media/post58/opener/post_opener58.jpg]
[www.bitewithzest.com/media/uploads/2023/03/27/c_prijatelji_zivotinja_svjetski-dan-bez-mesa-6.jpg]
[www.bitewithzest.com/media/uploads/2023/03/27/c_prijatelji_zivotinja_svjetski-dan-bez-mesa-9.jpg]
[www.bitewithzest.com/media/uploads/2023/03/27/c_prijatelji_zivotinja_svjetski-dan-bez-mesa-11.jpg]
[www.bitewithzest.com/media/uploads/2023/03/27/c_prijatelji_zivotinja_svjetski-dan-bez-mesa-12.jpg]
[www.bitewithzest.com/media/uploads/2023/03/27/c_prijatelji_zivotinja_img_6387.jpg]
[www.bitewithzest.com/media/uploads/2023/03/27/c_prijatelji_zivotinja_img_6394.jpg]
[www.bitewithzest.com/zagreb/index.html]
[www.bitewithzest.com/media/post65/opener/post_opener65.jpg]
[www.bitewithzest.com/veganmania-mq-2023/index.html]
[www.bitewithzest.com/media/post64/opener/post_opener64.jpg]
[www.bitewithzest.com/media/postNone/intro/f7bbb9ead6954d3687c3e5f3d4f888d7.jpg]
[www.bitewithzest.com/tasty-green-yellow-pasta/index.html]
[www.bitewithzest.com/media/post62/opener/post_opener62.jpg]
[www.bitewithzest.com/media/post62/intro/post_intro62.jpg]
[www.bitewithzest.com/wild-garlic-vegan-pesto/index.html]
[www.bitewithzest.com/media/post61/opener/post_opener61.jpg]
[www.bitewithzest.com/media/post61/intro/post_intro61.jpg]
[www.bitewithzest.com/salted-roasted-seeds/index.html]
[www.bitewithzest.com/media/post60/opener/post_opener60.jpg]
[www.bitewithzest.com/media/post60/intro/post_intro60.jpg]
[www.bitewithzest.com/potato-paprikash/index.html]
[www.bitewithzest.com/media/post54/opener/post_opener54.jpg]
[www.bitewithzest.com/media/post54/intro/post_intro54.jpg]
[www.bitewithzest.com/media/uploads/2022/03/09/img_0146_w.jpg]
[www.bitewithzest.com/red-power-juice/index.html]
[www.bitewithzest.com/media/post57/opener/post_opener57.jpg]
[www.bitewithzest.com/media/post57/intro/post_intro57.jpg]
[www.bitewithzest.com/mashed-potatoes-peas-sauce/index.html]
[www.bitewithzest.com/media/post49/thumbs/post_thumb49.jpg]
[www.bitewithzest.com/persimmon-green-smoothie-quinoa/index.html]
[www.bitewithzest.com/media/post52/thumbs/post_thumb52.jpg]
[www.bitewithzest.com/richet-barley-smoked-tofu/index.html]
[www.bitewithzest.com/media/post48/thumbs/post_thumb48.jpg]
[www.bitewithzest.com/hummus-the-perfect-creamy-dip/index.html]
[www.bitewithzest.com/media/post51/thumbs/post_thumb51.jpg]
[www.bitewithzest.com/savoury-bite-fasting-cake/index.html]
[www.bitewithzest.com/media/post47/thumbs/post_thumb47.jpg]
[www.bitewithzest.com/meat-free-wellington-loaf/index.html]
[www.bitewithzest.com/media/post38/thumbs/post_thumb38.jpg]
[www.bitewithzest.com/filter/recipes/index4658.html]
[www.bitewithzest.com/mango-chia-pudding/index.html]
[www.bitewithzest.com/filter/recipes/index2679.html]
[www.bitewithzest.com/filter/recipes/indexfdb0.html]
[www.bitewithzest.com/media/post3/thumbs/post_thumb3.jpg]
[www.bitewithzest.com/chantarelle-mushroom-soup/index.html]
[www.bitewithzest.com/media/post32/thumbs/post_thumb32.jpg]
[www.bitewithzest.com/proja-muffins-mini-corn-bread/index.html]
[www.bitewithzest.com/media/post35/thumbs/post_thumb35.jpg]
[www.bitewithzest.com/buckwheat-crepes-avocado/index.html]
[www.bitewithzest.com/media/post34/thumbs/post_thumb34.jpg]
[www.bitewithzest.com/media/post33/thumbs/post_thumb33.jpg]
[www.bitewithzest.com/portobello-mushroom-burger/index.html]
[www.bitewithzest.com/green-quiches-vegan-feta-cheese/index.html]
[www.bitewithzest.com/media/post6/thumbs/post_thumb6.jpg]
[www.bitewithzest.com/filter/recipes/index9ba9.html]
[www.bitewithzest.com/oatmeal-porridge-banana-blueberries/index.html]
[www.bitewithzest.com/filter/recipes/indexaf4d.html]
[www.bitewithzest.com/media/layout/bg_plants.png]
[www.bitewithzest.com/media/layout/bg_plantsMob.png]
[www.bitewithzest.com/media/post59/opener/post_opener59.jpg]
[www.bitewithzest.com/media/uploads/2023/04/03/wild_garlic_th.jpg]
[www.bitewithzest.com/wild-garlic/index.html]
[www.bitewithzest.com/media/post53/opener/post_opener53.jpg]
[www.bitewithzest.com/media/post49/opener/post_opener49.jpg]
[www.bitewithzest.com/persimmon/index.html]
[www.bitewithzest.com/media/post50/opener/post_opener50.jpg]
[www.bitewithzest.com/media/post38/opener/post_opener38.jpg]
[www.bitewithzest.com/mango/index.html]
[www.bitewithzest.com/media/uploads/2021/04/27/v_icon_spices-03.png]
[www.bitewithzest.com/media/post10/opener/post_opener10.jpg]
[www.bitewithzest.com/cumin/index.html]
[www.bitewithzest.com/jerusalem-artichoke/index.html]
[www.bitewithzest.com/vegan-elderflower-fritters/index.html]
[www.bitewithzest.com/media/post16/opener/post_opener16.jpg]
[www.bitewithzest.com/media/uploads/2021/04/27/v_icon_spices-01.png]
[www.bitewithzest.com/ginger/index.html]
[www.bitewithzest.com/media/post18/thumbs/post_thumb18.jpg]
[www.bitewithzest.com/buckweat/index.html]
[www.bitewithzest.com/media/post20/thumbs/post_thumb20.jpg]
[www.bitewithzest.com/chickpea/index.html]
[www.bitewithzest.com/media/post21/thumbs/post_thumb21.jpg]
[www.bitewithzest.com/pumpkin/index.html]
[www.bitewithzest.com/media/post22/thumbs/post_thumb22.jpg]
[www.bitewithzest.com/lentil/index.html]
[www.bitewithzest.com/media/post23/thumbs/post_thumb23.jpg]
[www.bitewithzest.com/media/post25/thumbs/post_thumb25.jpg]
[www.bitewithzest.com/filter/lexicon-of-plants/index4658.html]
[www.bitewithzest.com/echinacea/index.html]
[www.bitewithzest.com/filter/lexicon-of-plants/index2679.html]
[www.bitewithzest.com/media/post28/thumbs/post_thumb28.jpg]
[www.bitewithzest.com/amaranth/index.html]
[www.bitewithzest.com/media/post43/thumbs/post_thumb43.jpg]
[www.bitewithzest.com/spinach/index.html]
[www.bitewithzest.com/media/post44/thumbs/post_thumb44.jpg]
[www.bitewithzest.com/filter/lexicon-of-plants/index9ba9.html]
[www.bitewithzest.com/media/post12/opener/post_opener12.jpg]
[www.bitewithzest.com/why-we-should-walk-every-day/index.html]
[www.bitewithzest.com/dill/index.html]
[www.bitewithzest.com/media/uploads/2021/04/24/v_immune_system-03.jpg]
[www.bitewithzest.com/media/uploads/2021/04/24/v_immune_system-04.jpg]
[www.bitewithzest.com/media/uploads/2021/04/24/v_immune_system-05.jpg]
[www.bitewithzest.com/media/uploads/2021/04/24/v_immune_system-06.jpg]
[www.bitewithzest.com/media/uploads/2021/04/24/v_immune_system-07.jpg]
[www.bitewithzest.com/media/uploads/2021/04/24/v_immune_system-08_KOIYSSb.jpg]
[www.bitewithzest.com/media/uploads/2021/04/24/v_immune_system-09.jpg]
[www.bitewithzest.com/7-ways-boost-your-immune-system/index.html]
[www.bitewithzest.com/media/post31/opener/post_opener31.jpg]
[www.bitewithzest.com/octopus/index.html]
[www.bitewithzest.com/media/uploads/2021/04/26/bee_1.jpg]
[www.bitewithzest.com/media/uploads/2021/04/26/bee-545102442-w.jpg]
[www.bitewithzest.com/media/uploads/2021/04/26/bee_2-02.jpg]
[www.bitewithzest.com/why-dont-vegans-eat-honey/index.html]
[www.bitewithzest.com/media/post41/opener/post_opener41.jpg]
[www.bitewithzest.com/media/uploads/2021/10/04/faq_pic-02.jpg]
[www.bitewithzest.com/lifespan-animals-animal-industry/index.html]
[www.bitewithzest.com/media/post42/opener/post_opener42.jpg]
[www.bitewithzest.com/media/uploads/2021/10/07/faq_pic-03_0YcbeDT.jpg]
[www.bitewithzest.com/Plant-based-lifestyle-for-animals/index.html]
[www.bitewithzest.com/media/post29/opener/post_opener29.jpg]
[www.bitewithzest.com/media/uploads/2021/09/07/scott_jurek_ultramarathon_champion.jpg]
[www.bitewithzest.com/media/uploads/2021/09/07/james-wilks.jpg]
[www.bitewithzest.com/media/uploads/2021/09/07/640px-lewis_hamilton_silverstone_2018_cropped2.jpg]
[www.bitewithzest.com/media/uploads/2021/09/07/640px-rich_roll_at_dc_vegfest_cropped.jpg]
[www.bitewithzest.com/media/uploads/2021/09/07/kyrie_irving_15846988781.jpg]
[www.bitewithzest.com/media/uploads/2021/09/13/6_kendrick-farris_screenshot-2021-09-13-at-230805_w.jpg]
[www.bitewithzest.com/media/uploads/2021/09/07/patrikbaboumian.jpg]
[www.bitewithzest.com/media/uploads/2021/09/07/deandre_jordan.jpg]
[www.bitewithzest.com/media/uploads/2021/09/07/j_mcgee_-_wizards_vs_heat_2009-04-04.jpg]
[www.bitewithzest.com/media/uploads/2021/09/07/carl_lewis_doha_cropped.jpg]
[www.bitewithzest.com/media/uploads/2021/09/07/640px-uensal_arik.jpg]
[www.bitewithzest.com/great-vegan-athletes-plant-based-diet-men/index.html]
[www.bitewithzest.com/media/post30/opener/post_opener30.jpg]
[www.bitewithzest.com/media/uploads/2021/09/13/1_dotsie_baausch_20625673674_b569d82d04_b_w.jpg]
[www.bitewithzest.com/media/uploads/2021/09/07/2_tia_bianco_w.jpg]
[www.bitewithzest.com/media/uploads/2021/09/07/3_640px-2018_winter_olympics_-_gala_exhibition_-_photo_173_w.jpg]
[www.bitewithzest.com/media/uploads/2021/09/07/4_jehina_malik.jpg]
[www.bitewithzest.com/media/uploads/2021/09/14/5_fionaoakes_w2.jpg]
[www.bitewithzest.com/media/uploads/2021/05/05/ana-cufer_w.jpg]
[www.bitewithzest.com/media/uploads/2021/09/07/6_morgan_mitchell_2014_w.jpg]
[www.bitewithzest.com/media/uploads/2021/09/07/7_seba_blueshirt_3_web2_w.jpg]
[www.bitewithzest.com/media/uploads/2021/09/07/8_640px-alex_morgan_may19_w.jpg]
[www.bitewithzest.com/media/uploads/2021/09/07/9_640px-heathermitts2010-c_w.jpg]
[www.bitewithzest.com/media/uploads/2021/09/07/10_profile_presswood_7_w.jpg]
[www.bitewithzest.com/media/uploads/2021/09/07/11_venuswilliams_cropped_w.jpg]
[www.bitewithzest.com/great-vegan-athletes-plant-based-diet-women/index.html]
[www.bitewithzest.com/media/post24/opener/post_opener24.jpg]
[www.bitewithzest.com/media/uploads/2021/05/07/plate_eng2.jpg]
[www.bitewithzest.com/how-start-planning-plant-based-meals/index.html]
[www.bitewithzest.com/media/uploads/2021/10/07/faq_pic-03_4c30uGl.jpg]
[www.bitewithzest.com/media/uploads/2021/10/07/faq_pic-02.jpg]
[www.bitewithzest.com/media/uploads/2021/10/07/faq_pic-01.jpg]
[www.bitewithzest.com/reasons-to-go-vegan/index.html]
[www.bitewithzest.com/media/post23/opener/post_opener23.jpg]
[www.bitewithzest.com/media/uploads/2021/04/27/v_icon_spices-02.png]
[www.bitewithzest.com/turmeric/index.html]
[www.bitewithzest.com/media/layout/basil_bg_png/L_01_02.html]
[www.bitewithzest.com/media/post49/intro/post_intro49.jpg]
[www.bitewithzest.com/persimmon-green-smoothie-quinoa/index.html]
[www.bitewithzest.com/media/post52/opener/post_opener52.82_ricet_W]
[www.bitewithzest.com/media/post52/intro/post_intro52.jpg]
[www.bitewithzest.com/richet-barley-smoked-tofu/index.html]
[www.bitewithzest.com/media/post48/opener/post_opener48.jpg]
[www.bitewithzest.com/media/post48/intro/post_intro48.jpg]
[www.bitewithzest.com/hummus-the-perfect-creamy-dip/index.html]
[www.bitewithzest.com/media/post51/opener/post_opener51.jpg]
[www.bitewithzest.com/media/post51/intro/post_intro51.jpg]
[www.bitewithzest.com/savoury-bite-fasting-cake/index.html]
[www.bitewithzest.com/media/post47/opener/post_opener47.jpg]
[www.bitewithzest.com/media/post47/intro/post_intro47.jpg]
[www.bitewithzest.com/media/uploads/2021/12/23/img_0351_w.jpg]
[www.bitewithzest.com/media/uploads/2021/12/23/img_0371_w.jpg]
[www.bitewithzest.com/media/uploads/2021/12/23/img_0376_w.jpg]
[www.bitewithzest.com/meat-free-wellington-loaf/index.html]
[www.bitewithzest.com/media/post38/intro/post_intro38.jpg]
[www.bitewithzest.com/mango-chia-pudding/index.html]
[www.bitewithzest.com/filter/recipes/index2679.html]
[www.bitewithzest.com/media/post40/thumbs/post_thumb40.jpg]
[www.bitewithzest.com/media/post46/thumbs/post_thumb46.jpg]
[www.bitewithzest.com/pomegranate-apple-ginger-immunity-shot/index.html]
[www.bitewithzest.com/buckwheat-gnocchi/index.html]
[www.bitewithzest.com/media/post9/thumbs/post_thumb9.jpg]
[www.bitewithzest.com/moussaka/index.html]
[www.bitewithzest.com/media/post39/thumbs/post_thumb39.jpg]
[www.bitewithzest.com/vanilla-chia-pudding-figs/index.html]
[www.bitewithzest.com/media/post45/thumbs/post_thumb45.jpg]
[www.bitewithzest.com/gnocchi-asparagus/index.html]
[www.bitewithzest.com/media/post37/thumbs/post_thumb37.jpg]
[www.bitewithzest.com/filter/recipes/indexfdb0.html]
[www.bitewithzest.com/roasted-hazelnuts/index.html]
[www.bitewithzest.com/media/post3/opener/post_opener3.jpg]
[www.bitewithzest.com/media/post3/intro/post_intro3.jpg]
[www.bitewithzest.com/chantarelle-mushroom-soup/index.html]
[www.bitewithzest.com/media/post32/opener/post_opener32.gif]
[www.bitewithzest.com/media/post32/intro/post_intro32.jpg]
[www.bitewithzest.com/proja-muffins-mini-corn-bread/index.html]
[www.bitewithzest.com/media/post35/opener/post_opener35.jpg]
[www.bitewithzest.com/media/post35/intro/post_intro35.jpg]
[www.bitewithzest.com/buckwheat-crepes-avocado/index.html]
[www.bitewithzest.com/media/post34/opener/post_opener34.jpg]
[www.bitewithzest.com/media/uploads/2021/09/12/img_0941_wh.jpg]
[www.bitewithzest.com/media/post34/intro/post_intro34.jpg]
[www.bitewithzest.com/portobello-mushroom-burger/index.html]
[www.bitewithzest.com/media/post33/opener/post_opener33.jpg]
[www.bitewithzest.com/media/post33/intro/post_intro33.jpg]
[www.bitewithzest.com/green-quiches-vegan-feta-cheese/index.html]
[www.bitewithzest.com/media/post6/opener/post_opener6.jpg]
[www.bitewithzest.com/media/post6/intro/post_intro6.jpg]
[www.bitewithzest.com/oatmeal-porridge-banana-blueberries/index.html]
[www.bitewithzest.com/media/post8/thumbs/post_thumb8.jpg]
[www.bitewithzest.com/dandelion-salad/index.html]
[www.bitewithzest.com/media/post10/thumbs/post_thumb10.jpg]
[www.bitewithzest.com/filter/recipes/indexaf4d.html]
[www.bitewithzest.com/media/post10/intro/post_intro10.jpg]
[www.bitewithzest.com/vegan-elderflower-fritters/index.html]
[www.bitewithzest.com/media/post18/opener/post_opener18.jpg]
[www.bitewithzest.com/buckweat/index.html]
[www.bitewithzest.com/media/post20/opener/post_opener20.jpg]
[www.bitewithzest.com/chickpea/index.html]
[www.bitewithzest.com/media/post21/opener/post_opener21.jpg]
[www.bitewithzest.com/pumpkin/index.html]
[www.bitewithzest.com/media/post22/opener/post_opener22.jpg]
[www.bitewithzest.com/lentil/index.html]
[www.bitewithzest.com/media/post25/opener/post_opener25.jpg]
[www.bitewithzest.com/media/uploads/2021/04/30/echinacea-2w.jpg]
[www.bitewithzest.com/media/uploads/2021/04/30/echinacea-5w.jpg]
[www.bitewithzest.com/echinacea/index.html]
[www.bitewithzest.com/filter/lexicon-of-plants/index2679.html]
[www.bitewithzest.com/media/post28/opener/post_opener28.jpg]
[www.bitewithzest.com/amaranth/index.html]
[www.bitewithzest.com/media/post43/opener/post_opener43.jpg]
[www.bitewithzest.com/media/uploads/2021/10/07/v_icon_spices-05.png]
[www.bitewithzest.com/spinach/index.html]
[www.bitewithzest.com/media/post44/opener/post_opener44.jpg]
[www.bitewithzest.com/media/uploads/2021/10/07/v_icon_spices-04.png]
[www.bitewithzest.com/dill/index.html]
[www.bitewithzest.com/media/post40/opener/post_opener40.jpg]
[www.bitewithzest.com/media/post40/intro/post_intro40.jpg]
[www.bitewithzest.com/pomegranate-apple-ginger-immunity-shot/index.html]
[www.bitewithzest.com/media/post46/opener/post_opener46.jpg]
[www.bitewithzest.com/media/post46/intro/post_intro46.jpg]
[www.bitewithzest.com/buckwheat-gnocchi/index.html]
[www.bitewithzest.com/media/post9/opener/post_opener9.jpg]
[www.bitewithzest.com/media/post9/intro/post_intro9.jpg]
[www.bitewithzest.com/media/uploads/2021/04/27/02_musaka_3.jpg]
[www.bitewithzest.com/media/uploads/2021/04/27/02_musaka_new.jpg]
[www.bitewithzest.com/moussaka/index.html]
[www.bitewithzest.com/media/post39/opener/post_opener39.jpg]
[www.bitewithzest.com/media/post39/intro/post_intro39.jpg]
[www.bitewithzest.com/vanilla-chia-pudding-figs/index.html]
[www.bitewithzest.com/media/post45/opener/post_opener45.jpg]
[www.bitewithzest.com/media/post45/intro/post_intro45.jpg]
[www.bitewithzest.com/gnocchi-asparagus/index.html]
[www.bitewithzest.com/media/post37/opener/post_opener37.jpg]
[www.bitewithzest.com/media/post37/intro/post_intro37.jpg]
[www.bitewithzest.com/media/post36/opener/post_opener36.jpg]
[www.bitewithzest.com/roasted-hazelnuts/index.html]
[www.bitewithzest.com/matcha-bars/index.html]
[www.bitewithzest.com/media/post8/opener/post_opener8.jpg]
[www.bitewithzest.com/media/post8/intro/post_intro8.jpg]
[www.bitewithzest.com/dandelion-salad/index.html]
[www.bitewithzest.com/media/post36/intro/post_intro36.jpg]
[www.bitewithzest.com/matcha-bars/index.html]
